Input: <if test="username != null and username != ''">
                AND USERNAME LIKE '%' || #{username} || '%'
            </if>
Protected: ___MYBATIS_TAG_1___
                AND USERNAME LIKE '%' || ___MYBATIS_PARAM_0___ || '%'
            ___MYBATIS_TAG_2___
Converted: ___MYBATIS_TAG_1___
                AND USERNAME LIKE CONCAT('%', ___MYBATIS_PARAM_0___) || '%'
            ___MYBATIS_TAG_2___
Restored: <if test="username != null and username != ''">
                AND USERNAME LIKE CONCAT('%', #{username}) || '%'
            </if>
FAILURE: Result is unexpected.
